################################################################################
#                                                                              #
#      IAR Universal Linker V6.4.6.89                                          #
#                                                                              #
#           Link time     =  17/Oct/2024  17:58:01                             #
#           Target CPU    =  x51                                               #
#           List file     =  "d:\Z-Stack 3.0.2\Z-Stack 3.0.2\Projects\zstack\O #
#                            TA\Boot\CC2530DB\OTA-Boot\List\Boot.map"          #
#           Output file 1 =  "d:\Z-Stack 3.0.2\Z-Stack 3.0.2\Projects\zstack\O #
#                            TA\Boot\CC2530DB\OTA-Boot\Exe\Boot.d51"           #
#                            Format: ubrof10                                   #
#                            UBROF version 10.0.6                              #
#                            Using library modules for C-SPY (-rt)             #
#           Command line  =  -f C:\Users\ASUS\AppData\Local\Temp\EWF3AC.tmp    #
#                            ("d:\Z-Stack 3.0.2\Z-Stack 3.0.2\Projects\zstack\ #
#                            OTA\Boot\CC2530DB\OTA-Boot\Obj\chipcon_cstartup.r #
#                            51"                                               #
#                            "d:\Z-Stack 3.0.2\Z-Stack 3.0.2\Projects\zstack\O #
#                            TA\Boot\CC2530DB\OTA-Boot\Obj\hal_flash.r51"      #
#                            "d:\Z-Stack 3.0.2\Z-Stack 3.0.2\Projects\zstack\O #
#                            TA\Boot\CC2530DB\OTA-Boot\Obj\hal_ota.r51"        #
#                            "d:\Z-Stack 3.0.2\Z-Stack 3.0.2\Projects\zstack\O #
#                            TA\Boot\CC2530DB\OTA-Boot\Obj\interrupt_stubs.r51 #
#                            "                                                 #
#                            -o                                                #
#                            "d:\Z-Stack 3.0.2\Z-Stack 3.0.2\Projects\zstack\O #
#                            TA\Boot\CC2530DB\OTA-Boot\Exe\Boot.d51"           #
#                            -l                                                #
#                            "d:\Z-Stack 3.0.2\Z-Stack 3.0.2\Projects\zstack\O #
#                            TA\Boot\CC2530DB\OTA-Boot\List\Boot.map"          #
#                            -xmsn -ID:/IAR10.10.1\8051\LIB\ -f                #
#                            "d:\Z-Stack 3.0.2\Z-Stack 3.0.2\Projects\zstack\O #
#                            TA\Boot\CC2530DB\..\..\..\Tools\CC2530DB\ota-boot #
#                            .xcl"                                             #
#                            (-D_XDATA_START=0x0001 -D_XDATA_END=0x1EFF        #
#                            -D_IDATA_END=0xFF -D_CODE_START=0x0000            #
#                            -D_CODE_END=0x07FF -D?REGISTER_BANK=0             #
#                            -D_REGISTER_BANK_START=0 -D?PBANK_NUMBER=00       #
#                            -D_BREG_START=0x00 -D?VB=0x20                     #
#                            -Z(BIT)BREG=_BREG_START -Z(BIT)BIT_N=0-7F         #
#                            -Z(DATA)REGISTERS+8=_REGISTER_BANK_START          #
#                            -Z(DATA)BDATA_Z,BDATA_N,BDATA_I=20-2F             #
#                            -Z(DATA)VREG=08-7F -Z(DATA)PSP,XSP=08-7F          #
#                            -Z(DATA)DOVERLAY=08-7F                            #
#                            -Z(DATA)DATA_I,DATA_Z,DATA_N=08-7F                #
#                            -U(IDATA)0-7F=(DATA)0-7F                          #
#                            -Z(IDATA)IDATA_I,IDATA_Z,IDATA_N=08-_IDATA_END    #
#                            -Z(IDATA)ISTACK+_IDATA_STACK_SIZE#08-_IDATA_END   #
#                            -Z(IDATA)IOVERLAY=08-FF                           #
#                            -Z(CODE)INTVEC=_CODE_START                        #
#                            -Z(CODE)BIT_ID,BDATA_ID,DATA_ID,IDATA_ID,IXDATA_I #
#                            D,PDATA_ID,XDATA_ID=_CODE_START-_CODE_END         #
#                            -Z(CODE)RAM_CODE_FLASH=_RAM_CODE_FLASH_START-_RAM #
#                            _CODE_FLASH_END                                   #
#                            -P(CODE)CSTART,BANK_RELAYS,RCODE,DIFUNCT,NEAR_COD #
#                            E=_CODE_START-_CODE_END                           #
#                            -Z(XDATA)XSTACK+_XDATA_STACK_SIZE=_XDATA_START-_X #
#                            DATA_END                                          #
#                            -Z(XDATA)XDATA_Z,XDATA_I=_XDATA_START-_XDATA_END  #
#                            -P(XDATA)XDATA_N=_XDATA_START-_XDATA_END -cx51    #
#                            -D_RAM_CODE_XDATA_START=0x07E3                    #
#                            -D_RAM_CODE_XDATA_END=(_RAM_CODE_XDATA_START+0x1C #
#                            )                                                 #
#                            -Z(XDATA)RAM_CODE_XDATA=_RAM_CODE_XDATA_START-_RA #
#                            M_CODE_XDATA_END                                  #
#                            -D_RAM_CODE_FLASH_START=0x07E3                    #
#                            -D_RAM_CODE_FLASH_END=(_RAM_CODE_FLASH_START+0x1C #
#                            )                                                 #
#                            -HFFFF) -ID:/IAR10.10.1\8051\CONFIG\              #
#                            -D_NR_OF_VIRTUAL_REGISTERS=10 -D?PBANK=0x93       #
#                            -D?CBANK=0x9F -D?CBANK_MASK=0xFF                  #
#                            -e?BCALL_FF=?BCALL -e?BRET_FF=?BRET               #
#                            -e?BDISPATCH_FF=?BDISPATCH                        #
#                            -D_CODEBANK_START=0x8000 -D_CODEBANK_END=0xFFFF   #
#                            -D_NR_OF_BANKS=0x07                               #
#                            -e_small_write=_formatted_write                   #
#                            -e_medium_read=_formatted_read -we24=i -rt -s     #
#                            __program_start                                   #
#                            D:/IAR10.10.1\8051\LIB\CLIB\cl-pli-nlxd-1e16x01.r #
#                            51                                                #
#                            -D_IDATA_STACK_SIZE=0xC0 -D?ESP=0 -D?ESP_MASK=0   #
#                            -D_EXTENDED_STACK_START=0                         #
#                            -D_EXTENDED_STACK_SIZE=0                          #
#                            -D_PDATA_STACK_SIZE=0x80                          #
#                            -D_XDATA_STACK_SIZE=0x100                         #
#                            -D_XDATA_HEAP_SIZE=0x00 -D_FAR_HEAP_SIZE=0x000    #
#                            -D_HUGE_HEAP_SIZE=0x000 -a                        #
#                            -D_FAR22_HEAP_SIZE=0xFFF)                         #
#                                                                              #
#                           Copyright (C) 1987-2016 IAR Systems AB.            #
################################################################################





                ****************************************
                *                                      *
                *           CROSS REFERENCE            *
                *                                      *
                ****************************************

       Program entry at : CODE      00000731  Relocatable, from module : CSTARTUP




                ****************************************
                *                                      *
                *            RUNTIME MODEL             *
                *                                      *
                ****************************************

  __SystemLibrary          = CLib
  __calling_convention     = xdata_reentrant
  __code_model             = near
  __core                   = plain
  __data_model             = large
  __dptr_size              = 16
  __extended_stack         = disabled
  __location_for_constants = data
  __number_of_dptrs        = 1
  __register_banks         = *
  __rt_version             = 1

                ****************************************
                *                                      *
                *    AUTOMATIC SYMBOL REDIRECTIONS     *
                *                                      *
                ****************************************

                  There are no automatic symbol redirections.



                ****************************************
                *                                      *
                *              MODULE MAP              *
                *                                      *
                ****************************************


  DEFINED ABSOLUTE ENTRIES
  PROGRAM MODULE, NAME : ?ABS_ENTRY_MOD

Absolute parts
           ENTRY                   ADDRESS         REF BY
           =====                   =======         ======
           _FAR22_HEAP_SIZE        00000FFF 
           _HUGE_HEAP_SIZE         00000000 
           _FAR_HEAP_SIZE          00000000 
           _XDATA_HEAP_SIZE        00000000 
           _XDATA_STACK_SIZE       00000100 
           _PDATA_STACK_SIZE       00000080 
           _EXTENDED_STACK_SIZE    00000000 
           _EXTENDED_STACK_START   00000000 
           ?ESP_MASK               00000000 
           ?ESP                    00000000 
           _IDATA_STACK_SIZE       000000C0 
           _NR_OF_BANKS            00000007 
           _CODEBANK_END           0000FFFF 
           _CODEBANK_START         00008000 
           ?CBANK_MASK             000000FF 
           ?CBANK                  0000009F 
           ?PBANK                  00000093 
           _NR_OF_VIRTUAL_REGISTERS
                                   00000010 
           _RAM_CODE_FLASH_END     000007FF 
           _RAM_CODE_FLASH_START   000007E3 
           _RAM_CODE_XDATA_END     000007FF 
           _RAM_CODE_XDATA_START   000007E3 
           ?VB                     00000020        ?FUNC_ENTER_XDATA (?FUNC_ENTER_XDATA)
                                                   ?FUNC_LEAVE_XDATA (?FUNC_LEAVE_XDATA)
           _BREG_START             00000000 
           ?PBANK_NUMBER           00000000 
           _REGISTER_BANK_START    00000000 
           ?REGISTER_BANK          00000000        Segment part 6 (CSTARTUP)
           _CODE_END               000007FF 
           _CODE_START             00000000 
           _IDATA_END              000000FF 
           _XDATA_END              00001EFF 
           _XDATA_START            00000001 
    *************************************************************************

  FILE NAME : d:\Z-Stack 3.0.2\Z-Stack 3.0.2\Projects\zstack\OTA\Boot\CC2530DB\OTA-Boot\Obj\chipcon_cstartup.r51
  LIBRARY MODULE, NAME : CSTARTUP

  SEGMENTS IN THE MODULE
  ======================
REGISTERS
  Relative segment, address: DATA 00000000, align: 0
  Segment part 0.             Intra module refs:   Segment part 6
           ENTRY                   ADDRESS         REF BY
           =====                   =======         ======
           ?REGISTERS              00000000 
    -------------------------------------------------------------------------
ISTACK
  Relative segment, address: IDATA 00000040, align: 0
  Segment part 1.             Intra module refs:   Segment part 6
           ENTRY                   ADDRESS         REF BY
           =====                   =======         ======
           ?ISTACK_START           00000040 
    -------------------------------------------------------------------------
XSTACK
  Relative segment, address: XDATA 00000001, align: 0
  Segment part 3.             Intra module refs:   ?RESET_XSP
           ENTRY                   ADDRESS         REF BY
           =====                   =======         ======
           ?XSTACK_START           00000001 
    -------------------------------------------------------------------------
INTVEC
  Common segment, address: CODE 00000000 - 00000002 (0x3 bytes), align: 0
  Segment part 5. ROOT        Intra module refs:   Segment part 6
           LOCAL                   ADDRESS         
           =====                   =======         
           ?reset_vector           00000000 
    -------------------------------------------------------------------------
<CSTART,NEAR_CODE,RCODE> 1 (was CSTART)
  Relative segment, address: CODE 00000731 - 00000736 (0x6 bytes), align: 0
  Segment part 6. ROOT        Intra module refs:   ?reset_vector
           ENTRY                   ADDRESS         REF BY
           =====                   =======         ======
           __program_start         00000731        Absolute parts (?ABS_ENTRY_MOD)
           ?RESET_SP               00000734 
    -------------------------------------------------------------------------
<CSTART,NEAR_CODE,RCODE> 1 (was CSTART)
  Relative segment, address: CODE 00000737 - 0000073C (0x6 bytes), align: 0
  Segment part 8.
           ENTRY                   ADDRESS         REF BY
           =====                   =======         ======
           ?RESET_XSP              00000737        ?XSP (VIRTUAL_REGISTERS)
    -------------------------------------------------------------------------
<CSTART,NEAR_CODE,RCODE> 1 (was CSTART)
  Relative segment, address: CODE 0000073D - 0000073F (0x3 bytes), align: 0
  Segment part 12.            Intra module refs:   Absolute parts
           LOCAL                   ADDRESS         
           =====                   =======         
           __call_main             0000073D 

    -------------------------------------------------------------------------
  LIBRARY MODULE, NAME : VIRTUAL_REGISTERS

  SEGMENTS IN THE MODULE
  ======================
BREG
  Relative segment, address: BIT 00000020.0 - 00000020.7 (0x8 bits), align: 0
  Segment part 0.
           ENTRY                   ADDRESS         REF BY
           =====                   =======         ======
           ?B0                     00000020.0      Absolute parts (CSTARTUP)
    -------------------------------------------------------------------------
VREG
  Relative segment, address: DATA 00000008 - 00000008 (0x1 bytes), align: 0
  Segment part 1.             Intra module refs:   ?V1
           ENTRY                   ADDRESS         REF BY
           =====                   =======         ======
           ?V0                     00000008        ?FUNC_ENTER_XDATA (?FUNC_ENTER_XDATA)
                                                   ?FUNC_LEAVE_XDATA (?FUNC_LEAVE_XDATA)
                                                   ?UL_GE_X (?UL_GE_X)
                                                   HalFlashRead (hal_flash)
                                                   HalFlashWrite (hal_flash)
                                                   HalOTARead (hal_flash)
                                                   HalSPIRead (hal_flash)
                                                   main (hal_flash)
    -------------------------------------------------------------------------
VREG
  Relative segment, address: DATA 00000009 - 00000009 (0x1 bytes), align: 0
  Segment part 2.             Intra module refs:   ?V2
           ENTRY                   ADDRESS         REF BY
           =====                   =======         ======
           ?V1                     00000009        HalFlashRead (hal_flash)
                                                   HalFlashWrite (hal_flash)
                                                   HalOTARead (hal_flash)
                                                   HalSPIRead (hal_flash)
                                                   main (hal_flash)
    -------------------------------------------------------------------------
VREG
  Relative segment, address: DATA 0000000A - 0000000A (0x1 bytes), align: 0
  Segment part 3.             Intra module refs:   ?V3
           ENTRY                   ADDRESS         REF BY
           =====                   =======         ======
           ?V2                     0000000A        HalFlashRead (hal_flash)
                                                   HalOTARead (hal_flash)
                                                   HalSPIRead (hal_flash)
                                                   main (hal_flash)
    -------------------------------------------------------------------------
VREG
  Relative segment, address: DATA 0000000B - 0000000B (0x1 bytes), align: 0
  Segment part 4.             Intra module refs:   ?V4
           ENTRY                   ADDRESS         REF BY
           =====                   =======         ======
           ?V3                     0000000B        HalFlashRead (hal_flash)
                                                   HalOTARead (hal_flash)
                                                   HalSPIRead (hal_flash)
                                                   main (hal_flash)
    -------------------------------------------------------------------------
VREG
  Relative segment, address: DATA 0000000C - 0000000C (0x1 bytes), align: 0
  Segment part 5.             Intra module refs:   ?V5
           ENTRY                   ADDRESS         REF BY
           =====                   =======         ======
           ?V4                     0000000C        HalOTARead (hal_flash)
                                                   HalSPIRead (hal_flash)
                                                   main (hal_flash)
    -------------------------------------------------------------------------
VREG
  Relative segment, address: DATA 0000000D - 0000000D (0x1 bytes), align: 0
  Segment part 6.             Intra module refs:   ?V6
           ENTRY                   ADDRESS         REF BY
           =====                   =======         ======
           ?V5                     0000000D        HalOTARead (hal_flash)
                                                   HalSPIRead (hal_flash)
                                                   main (hal_flash)
    -------------------------------------------------------------------------
VREG
  Relative segment, address: DATA 0000000E - 0000000E (0x1 bytes), align: 0
  Segment part 7.             Intra module refs:   ?V7
           ENTRY                   ADDRESS         REF BY
           =====                   =======         ======
           ?V6                     0000000E        HalOTARead (hal_flash)
                                                   HalSPIRead (hal_flash)
                                                   main (hal_flash)
    -------------------------------------------------------------------------
VREG
  Relative segment, address: DATA 0000000F - 0000000F (0x1 bytes), align: 0
  Segment part 8.             Intra module refs:   ?V8
           ENTRY                   ADDRESS         REF BY
           =====                   =======         ======
           ?V7                     0000000F        HalOTARead (hal_flash)
                                                   HalSPIRead (hal_flash)
                                                   main (hal_flash)
    -------------------------------------------------------------------------
VREG
  Relative segment, address: DATA 00000010 - 00000010 (0x1 bytes), align: 0
  Segment part 9.             Intra module refs:   ?V9
           ENTRY                   ADDRESS         REF BY
           =====                   =======         ======
           ?V8                     00000010        main (hal_flash)
    -------------------------------------------------------------------------
VREG
  Relative segment, address: DATA 00000011 - 00000011 (0x1 bytes), align: 0
  Segment part 10.            Intra module refs:   ?V10
           ENTRY                   ADDRESS         REF BY
           =====                   =======         ======
           ?V9                     00000011        main (hal_flash)
    -------------------------------------------------------------------------
VREG
  Relative segment, address: DATA 00000012 - 00000012 (0x1 bytes), align: 0
  Segment part 11.            Intra module refs:   ?V11
           ENTRY                   ADDRESS         REF BY
           =====                   =======         ======
           ?V10                    00000012        main (hal_flash)
    -------------------------------------------------------------------------
VREG
  Relative segment, address: DATA 00000013 - 00000013 (0x1 bytes), align: 0
  Segment part 12.            Intra module refs:   ?V12
           ENTRY                   ADDRESS         REF BY
           =====                   =======         ======
           ?V11                    00000013        main (hal_flash)
    -------------------------------------------------------------------------
VREG
  Relative segment, address: DATA 00000014 - 00000014 (0x1 bytes), align: 0
  Segment part 13.            Intra module refs:   ?V13
           ENTRY                   ADDRESS         REF BY
           =====                   =======         ======
           ?V12                    00000014        main (hal_flash)
    -------------------------------------------------------------------------
VREG
  Relative segment, address: DATA 00000015 - 00000015 (0x1 bytes), align: 0
  Segment part 14.            Intra module refs:   ?V14
           ENTRY                   ADDRESS         REF BY
           =====                   =======         ======
           ?V13                    00000015        main (hal_flash)
    -------------------------------------------------------------------------
VREG
  Relative segment, address: DATA 00000016 - 00000016 (0x1 bytes), align: 0
  Segment part 15.            Intra module refs:   ?V15
           ENTRY                   ADDRESS         REF BY
           =====                   =======         ======
           ?V14                    00000016        main (hal_flash)
    -------------------------------------------------------------------------
VREG
  Relative segment, address: DATA 00000017 - 00000017 (0x1 bytes), align: 0
  Segment part 16.
           ENTRY                   ADDRESS         REF BY
           =====                   =======         ======
           ?V15                    00000017        main (hal_flash)
    -------------------------------------------------------------------------
XSP
  Relative segment, address: DATA 00000018 - 00000019 (0x2 bytes), align: 0
  Segment part 34.
           ENTRY                   ADDRESS         REF BY
           =====                   =======         ======
           ?XSP                    00000018        ?ADD_XSTACK_DISP0_8 (?ADD_XSTACK_DISP8)
                                                   ?ALLOC_XSTACK8 (?ALLOC_XSTACK8)
                                                   ?DEALLOC_XSTACK8 (?DEALLOC_XSTACK8)
                                                   ?FUNC_ENTER_XDATA (?FUNC_ENTER_XDATA)
                                                   ?FUNC_LEAVE_XDATA (?FUNC_LEAVE_XDATA)
                                                   ?RESET_XSP (CSTARTUP)
                                                   ?XSTACK_DISP0_8 (?XSTACK_DISP8)
                                                   ?XSTACK_DISP100_8 (?XSTACK_DISP8_RP)
                                                   ?XSTACK_DISP102_8 (?XSTACK_DISP8_RP)
                                                   main (hal_flash)

    *************************************************************************

  FILE NAME : d:\Z-Stack 3.0.2\Z-Stack 3.0.2\Projects\zstack\OTA\Boot\CC2530DB\OTA-Boot\Obj\hal_flash.r51
  PROGRAM MODULE, NAME : hal_flash

  SEGMENTS IN THE MODULE
  ======================
SFR_AN
  Relative segment, address: DATA 0000008F - 0000008F (0x1 bytes), align: 0
  Segment part 1. ROOT        Intra module refs:   main
           ENTRY                   ADDRESS         REF BY
           =====                   =======         ======
           P0INP                   0000008F 
    -------------------------------------------------------------------------
SFR_AN
  Relative segment, address: DATA 00000090 - 00000090 (0x1 bytes), align: 0
  Segment part 2. ROOT        Intra module refs:   HalSPIRead
                                                   main
           ENTRY                   ADDRESS         REF BY
           =====                   =======         ======
           _A_P1                   00000090 
           LOCAL                   ADDRESS         
           =====                   =======         
           P1                      00000090 
    -------------------------------------------------------------------------
SFR_AN
  Relative segment, address: DATA 0000009D - 0000009D (0x1 bytes), align: 0
  Segment part 3. ROOT        Intra module refs:   main
           ENTRY                   ADDRESS         REF BY
           =====                   =======         ======
           SLEEPSTA                0000009D 
    -------------------------------------------------------------------------
SFR_AN
  Relative segment, address: DATA 0000009E - 0000009E (0x1 bytes), align: 0
  Segment part 4. ROOT        Intra module refs:   main
           ENTRY                   ADDRESS         REF BY
           =====                   =======         ======
           CLKCONSTA               0000009E 
    -------------------------------------------------------------------------
SFR_AN
  Relative segment, address: DATA 000000BE - 000000BE (0x1 bytes), align: 0
  Segment part 5. ROOT        Intra module refs:   main
           ENTRY                   ADDRESS         REF BY
           =====                   =======         ======
           SLEEPCMD                000000BE 
    -------------------------------------------------------------------------
SFR_AN
  Relative segment, address: DATA 000000C6 - 000000C6 (0x1 bytes), align: 0
  Segment part 6. ROOT        Intra module refs:   main
           ENTRY                   ADDRESS         REF BY
           =====                   =======         ======
           CLKCONCMD               000000C6 
    -------------------------------------------------------------------------
SFR_AN
  Relative segment, address: DATA 000000C7 - 000000C7 (0x1 bytes), align: 0
  Segment part 7. ROOT        Intra module refs:   HalFlashRead
           ENTRY                   ADDRESS         REF BY
           =====                   =======         ======
           MEMCTR                  000000C7 
    -------------------------------------------------------------------------
SFR_AN
  Relative segment, address: DATA 000000D1 - 000000D1 (0x1 bytes), align: 0
  Segment part 8. ROOT        Intra module refs:   HalFlashWrite
           ENTRY                   ADDRESS         REF BY
           =====                   =======         ======
           DMAIRQ                  000000D1 
    -------------------------------------------------------------------------
SFR_AN
  Relative segment, address: DATA 000000D4 - 000000D4 (0x1 bytes), align: 0
  Segment part 9. ROOT        Intra module refs:   main
           ENTRY                   ADDRESS         REF BY
           =====                   =======         ======
           DMA0CFGL                000000D4 
    -------------------------------------------------------------------------
SFR_AN
  Relative segment, address: DATA 000000D5 - 000000D5 (0x1 bytes), align: 0
  Segment part 10. ROOT       Intra module refs:   main
           ENTRY                   ADDRESS         REF BY
           =====                   =======         ======
           DMA0CFGH                000000D5 
    -------------------------------------------------------------------------
SFR_AN
  Relative segment, address: DATA 000000D6 - 000000D6 (0x1 bytes), align: 0
  Segment part 11. ROOT       Intra module refs:   HalFlashWrite
           ENTRY                   ADDRESS         REF BY
           =====                   =======         ======
           DMAARM                  000000D6 
    -------------------------------------------------------------------------
SFR_AN
  Relative segment, address: DATA 000000F1 - 000000F1 (0x1 bytes), align: 0
  Segment part 12. ROOT       Intra module refs:   main
           ENTRY                   ADDRESS         REF BY
           =====                   =======         ======
           PERCFG                  000000F1 
    -------------------------------------------------------------------------
SFR_AN
  Relative segment, address: DATA 000000F4 - 000000F4 (0x1 bytes), align: 0
  Segment part 13. ROOT       Intra module refs:   main
           ENTRY                   ADDRESS         REF BY
           =====                   =======         ======
           P1SEL                   000000F4 
    -------------------------------------------------------------------------
SFR_AN
  Relative segment, address: DATA 000000F5 - 000000F5 (0x1 bytes), align: 0
  Segment part 14. ROOT       Intra module refs:   main
           ENTRY                   ADDRESS         REF BY
           =====                   =======         ======
           P2SEL                   000000F5 
    -------------------------------------------------------------------------
SFR_AN
  Relative segment, address: DATA 000000F8 - 000000F8 (0x1 bytes), align: 0
  Segment part 15. ROOT       Intra module refs:   main
                                                   xnvSPIWrite
           ENTRY                   ADDRESS         REF BY
           =====                   =======         ======
           _A_U1CSR                000000F8 
           LOCAL                   ADDRESS         
           =====                   =======         
           U1CSR                   000000F8 
    -------------------------------------------------------------------------
SFR_AN
  Relative segment, address: DATA 000000F9 - 000000F9 (0x1 bytes), align: 0
  Segment part 16. ROOT       Intra module refs:   HalSPIRead
                                                   xnvSPIWrite
           ENTRY                   ADDRESS         REF BY
           =====                   =======         ======
           U1DBUF                  000000F9 
    -------------------------------------------------------------------------
SFR_AN
  Relative segment, address: DATA 000000FA - 000000FA (0x1 bytes), align: 0
  Segment part 17. ROOT       Intra module refs:   main
           ENTRY                   ADDRESS         REF BY
           =====                   =======         ======
           U1BAUD                  000000FA 
    -------------------------------------------------------------------------
SFR_AN
  Relative segment, address: DATA 000000FC - 000000FC (0x1 bytes), align: 0
  Segment part 18. ROOT       Intra module refs:   main
           ENTRY                   ADDRESS         REF BY
           =====                   =======         ======
           U1GCR                   000000FC 
    -------------------------------------------------------------------------
SFR_AN
  Relative segment, address: DATA 000000FE - 000000FE (0x1 bytes), align: 0
  Segment part 19. ROOT       Intra module refs:   main
           ENTRY                   ADDRESS         REF BY
           =====                   =======         ======
           P1DIR                   000000FE 
    -------------------------------------------------------------------------
<CSTART,NEAR_CODE,RCODE> 1 (was NEAR_CODE)
  Relative segment, address: CODE 000000A6 - 0000011B (0x76 bytes), align: 0
  Segment part 39.            Intra module refs:   HalOTARead
                                                   main
           ENTRY                   ADDRESS         REF BY
           =====                   =======         ======
           HalFlashRead            000000A6 
               XSTACK = 00000052 ( 0000000B )
               ISTACK = 00000000 ( 00000001 )
    -------------------------------------------------------------------------
<CSTART,NEAR_CODE,RCODE> 1 (was NEAR_CODE)
  Relative segment, address: CODE 0000011C - 00000183 (0x68 bytes), align: 0
  Segment part 40.            Intra module refs:   main
           ENTRY                   ADDRESS         REF BY
           =====                   =======         ======
           HalFlashWrite           0000011C 
               XSTACK = 00000052 ( 00000009 )
    -------------------------------------------------------------------------
<CSTART,NEAR_CODE,RCODE> 1 (was NEAR_CODE)
  Relative segment, address: CODE 00000184 - 0000019A (0x17 bytes), align: 0
  Segment part 41.            Intra module refs:   main
           ENTRY                   ADDRESS         REF BY
           =====                   =======         ======
           HalFlashErase           00000184 
               XSTACK = 00000050 ( 00000000 )
               ISTACK = 00000000 ( 00000002 )
    -------------------------------------------------------------------------
XDATA_Z
  Relative segment, address: XDATA 00000101 - 00000108 (0x8 bytes), align: 0
  Segment part 25.            Intra module refs:   main
           ENTRY                   ADDRESS         REF BY
           =====                   =======         ======
           OTA_crcControl          00000101 
    -------------------------------------------------------------------------
XDATA_Z
  Relative segment, address: XDATA 00000109 - 00000110 (0x8 bytes), align: 0
  Segment part 26.            Intra module refs:   HalFlashWrite
                                                   main
           ENTRY                   ADDRESS         REF BY
           =====                   =======         ======
           dmaCh0                  00000109 
    -------------------------------------------------------------------------
<CSTART,NEAR_CODE,RCODE> 1 (was NEAR_CODE)
  Relative segment, address: CODE 0000019B - 000001CC (0x32 bytes), align: 0
  Segment part 42.            Intra module refs:   main
           LOCAL                   ADDRESS         
           =====                   =======         
           runPoly                 0000019B 
               XSTACK = 00000050 ( 00000000 )
    -------------------------------------------------------------------------
<CSTART,NEAR_CODE,RCODE> 1 (was NEAR_CODE)
  Relative segment, address: CODE 000001CD - 00000239 (0x6d bytes), align: 0
  Segment part 43.            Intra module refs:   main
           ENTRY                   ADDRESS         REF BY
           =====                   =======         ======
           HalOTARead              000001CD 
               calls direct
               XSTACK = 00000054 ( 00000013 )
    -------------------------------------------------------------------------
<CSTART,NEAR_CODE,RCODE> 1 (was NEAR_CODE)
  Relative segment, address: CODE 0000023A - 0000023E (0x5 bytes), align: 0
  Segment part 44.            Intra module refs:   HalOTARead
                                                   HalSPIRead
           LOCAL                   ADDRESS         
           =====                   =======         
           ?Subroutine0            0000023A 
    -------------------------------------------------------------------------
<CSTART,NEAR_CODE,RCODE> 1 (was NEAR_CODE)
  Relative segment, address: CODE 0000023F - 00000247 (0x9 bytes), align: 0
  Segment part 45.            Intra module refs:   HalSPIRead
           LOCAL                   ADDRESS         
           =====                   =======         
           xnvSPIWrite             0000023F 
               XSTACK = 0000000F ( 00000000 )
    -------------------------------------------------------------------------
<CSTART,NEAR_CODE,RCODE> 1 (was NEAR_CODE)
  Relative segment, address: CODE 00000248 - 000002D9 (0x92 bytes), align: 0
  Segment part 46.            Intra module refs:   HalOTARead
           LOCAL                   ADDRESS         
           =====                   =======         
           HalSPIRead              00000248 
               calls direct
               XSTACK = 00000013 ( 0000000F )
               ISTACK = 00000000 ( 00000001 )
    -------------------------------------------------------------------------
<CSTART,NEAR_CODE,RCODE> 1 (was NEAR_CODE)
  Relative segment, address: CODE 000002DA - 00000570 (0x297 bytes), align: 0
  Segment part 47.
           ENTRY                   ADDRESS         REF BY
           =====                   =======         ======
           main                    000002DA        ?call_main (?cmain)
               calls direct
               XSTACK = 00000000 ( 00000054 )
               ISTACK = 00000000 ( 00000002 )
    -------------------------------------------------------------------------
XDATA_I
  Relative segment, address: XDATA 00000111 - 00000114 (0x4 bytes), align: 0
  Segment part 27.            Intra module refs:   main
           ENTRY                   ADDRESS         REF BY
           =====                   =======         ======
           __Constant_ffffff78     00000111 
    -------------------------------------------------------------------------
XDATA_ID
  Relative segment, address: CODE 0000008E - 00000091 (0x4 bytes), align: 0
  Segment part 28.            Intra module refs:   __Constant_ffffff78
    -------------------------------------------------------------------------
XDATA_I
  Relative segment, address: XDATA 00000115 - 00000118 (0x4 bytes), align: 0
  Segment part 29.            Intra module refs:   main
           ENTRY                   ADDRESS         REF BY
           =====                   =======         ======
           __Constant_4            00000115 
    -------------------------------------------------------------------------
XDATA_ID
  Relative segment, address: CODE 00000092 - 00000095 (0x4 bytes), align: 0
  Segment part 30.            Intra module refs:   __Constant_4
    -------------------------------------------------------------------------
XDATA_I
  Relative segment, address: XDATA 00000119 - 0000011C (0x4 bytes), align: 0
  Segment part 31.            Intra module refs:   main
           ENTRY                   ADDRESS         REF BY
           =====                   =======         ======
           __Constant_1            00000119 
    -------------------------------------------------------------------------
XDATA_ID
  Relative segment, address: CODE 00000096 - 00000099 (0x4 bytes), align: 0
  Segment part 32.            Intra module refs:   __Constant_1
    -------------------------------------------------------------------------
XDATA_I
  Relative segment, address: XDATA 0000011D - 00000120 (0x4 bytes), align: 0
  Segment part 33.            Intra module refs:   main
           ENTRY                   ADDRESS         REF BY
           =====                   =======         ======
           __Constant_0            0000011D 
    -------------------------------------------------------------------------
XDATA_ID
  Relative segment, address: CODE 0000009A - 0000009D (0x4 bytes), align: 0
  Segment part 34.            Intra module refs:   __Constant_0
    -------------------------------------------------------------------------
XDATA_I
  Relative segment, address: XDATA 00000121 - 00000124 (0x4 bytes), align: 0
  Segment part 35.            Intra module refs:   main
           ENTRY                   ADDRESS         REF BY
           =====                   =======         ======
           __Constant_6            00000121 
    -------------------------------------------------------------------------
XDATA_ID
  Relative segment, address: CODE 0000009E - 000000A1 (0x4 bytes), align: 0
  Segment part 36.            Intra module refs:   __Constant_6
    -------------------------------------------------------------------------
XDATA_I
  Relative segment, address: XDATA 00000125 - 00000128 (0x4 bytes), align: 0
  Segment part 37.            Intra module refs:   HalOTARead
           ENTRY                   ADDRESS         REF BY
           =====                   =======         ======
           __Constant_800          00000125 
    -------------------------------------------------------------------------
XDATA_ID
  Relative segment, address: CODE 000000A2 - 000000A5 (0x4 bytes), align: 0
  Segment part 38.            Intra module refs:   __Constant_800

    *************************************************************************

  FILE NAME : d:\Z-Stack 3.0.2\Z-Stack 3.0.2\Projects\zstack\OTA\Boot\CC2530DB\OTA-Boot\Obj\hal_ota.r51
    *************************************************************************

  FILE NAME : d:\Z-Stack 3.0.2\Z-Stack 3.0.2\Projects\zstack\OTA\Boot\CC2530DB\OTA-Boot\Obj\interrupt_stubs.r51
  PROGRAM MODULE, NAME : interrupt_stubs

  SEGMENTS IN THE MODULE
  ======================
INTVEC
  Common segment, address: CODE 00000000 - 0000008D (0x8e bytes), align: 1
  Segment part 0. ROOT 

    *************************************************************************

  FILE NAME : D:\IAR10.10.1\8051\LIB\CLIB\cl-pli-nlxd-1e16x01.r51
  LIBRARY MODULE, NAME : ?cexit

  SEGMENTS IN THE MODULE
  ======================
<CSTART,NEAR_CODE,RCODE> 1 (was CSTART)
  Relative segment, address: CODE 00000772 - 00000776 (0x5 bytes), align: 0
  Segment part 0.
           ENTRY                   ADDRESS         REF BY
           =====                   =======         ======
           exit                    00000772        ?call_main (?cmain)
           ?C_EXIT                 00000772 
           ?ROM_MONITOR_NOPS       00000772 

    -------------------------------------------------------------------------
  LIBRARY MODULE, NAME : ?cmain

  SEGMENTS IN THE MODULE
  ======================
<CSTART,NEAR_CODE,RCODE> 1 (was CSTART)
  Relative segment, address: CODE 00000617, align: 0
  Segment part 5.
           ENTRY                   ADDRESS         REF BY
           =====                   =======         ======
           ?cmain                  00000617        __call_main (CSTARTUP)
               calls direct
    -------------------------------------------------------------------------
<CSTART,NEAR_CODE,RCODE> 1 (was CSTART)
  Relative segment, address: CODE 00000617 - 00000626 (0x10 bytes), align: 0
  Segment part 16.
           ENTRY                   ADDRESS         REF BY
           =====                   =======         ======
           __INIT_XDATA_Z          00000617        OTA_crcControl (hal_flash)
                                                   dmaCh0 (hal_flash)
    -------------------------------------------------------------------------
<CSTART,NEAR_CODE,RCODE> 1 (was CSTART)
  Relative segment, address: CODE 00000627 - 0000064C (0x26 bytes), align: 0
  Segment part 33.
           ENTRY                   ADDRESS         REF BY
           =====                   =======         ======
           __INIT_XDATA_I          00000627        __Constant_0 (hal_flash)
                                                   __Constant_1 (hal_flash)
                                                   __Constant_4 (hal_flash)
                                                   __Constant_6 (hal_flash)
                                                   __Constant_800 (hal_flash)
                                                   __Constant_ffffff78 (hal_flash)
    -------------------------------------------------------------------------
<CSTART,NEAR_CODE,RCODE> 1 (was CSTART)
  Relative segment, address: CODE 0000064D - 00000652 (0x6 bytes), align: 0
  Segment part 38.            Intra module refs:   ?cmain
           ENTRY                   ADDRESS         REF BY
           =====                   =======         ======
           ?call_main              0000064D 

    -------------------------------------------------------------------------
  LIBRARY MODULE, NAME : ?UL_GE_X

  SEGMENTS IN THE MODULE
  ======================
<CSTART,NEAR_CODE,RCODE> 1 (was RCODE)
  Relative segment, address: CODE 00000653 - 00000671 (0x1f bytes), align: 0
  Segment part 1.
           ENTRY                   ADDRESS         REF BY
           =====                   =======         ======
           ?UL_GE_X                00000653        main (hal_flash)

    -------------------------------------------------------------------------
  LIBRARY MODULE, NAME : ?UL_SHR

  SEGMENTS IN THE MODULE
  ======================
<CSTART,NEAR_CODE,RCODE> 1 (was RCODE)
  Relative segment, address: CODE 000006A8 - 000006AC (0x5 bytes), align: 0
  Segment part 1.             Intra module refs:   Segment part 2
           ENTRY                   ADDRESS         REF BY
           =====                   =======         ======
           ?UL_SHR                 000006A8        HalOTARead (hal_flash)
                                                   HalSPIRead (hal_flash)
    -------------------------------------------------------------------------
<CSTART,NEAR_CODE,RCODE> 1 (was RCODE)
  Relative segment, address: CODE 000006AD - 000006C0 (0x14 bytes), align: 0
  Segment part 2.             Intra module refs:   ?UL_SHR

    -------------------------------------------------------------------------
  LIBRARY MODULE, NAME : ?L_ADD

  SEGMENTS IN THE MODULE
  ======================
<CSTART,NEAR_CODE,RCODE> 1 (was RCODE)
  Relative segment, address: CODE 000006D7 - 000006E9 (0x13 bytes), align: 0
  Segment part 1.
           ENTRY                   ADDRESS         REF BY
           =====                   =======         ======
           ?L_ADD                  000006D7        main (hal_flash)

    -------------------------------------------------------------------------
  LIBRARY MODULE, NAME : ?L_ADD_X

  SEGMENTS IN THE MODULE
  ======================
<CSTART,NEAR_CODE,RCODE> 1 (was RCODE)
  Relative segment, address: CODE 000006EA - 000006FC (0x13 bytes), align: 0
  Segment part 1.
           ENTRY                   ADDRESS         REF BY
           =====                   =======         ======
           ?L_ADD_X                000006EA        HalOTARead (hal_flash)
                                                   main (hal_flash)

    -------------------------------------------------------------------------
  LIBRARY MODULE, NAME : ?XLOAD_R2345

  SEGMENTS IN THE MODULE
  ======================
<CSTART,NEAR_CODE,RCODE> 1 (was RCODE)
  Relative segment, address: CODE 0000075C - 00000767 (0xc bytes), align: 0
  Segment part 0.
           ENTRY                   ADDRESS         REF BY
           =====                   =======         ======
           ?XLOAD_R2345            0000075C        main (hal_flash)

    -------------------------------------------------------------------------
  LIBRARY MODULE, NAME : ?MOVE_LONG8_XDATA_IDATA

  SEGMENTS IN THE MODULE
  ======================
<CSTART,NEAR_CODE,RCODE> 1 (was RCODE)
  Relative segment, address: CODE 0000074F - 0000075B (0xd bytes), align: 0
  Segment part 0.
           ENTRY                   ADDRESS         REF BY
           =====                   =======         ======
           ?MOVE_LONG8_XDATA_IDATA
                                   0000074F        ?PUSH_XSTACK_I (?PUSH_XSTACK_I)

    -------------------------------------------------------------------------
  LIBRARY MODULE, NAME : ?US_SHR

  SEGMENTS IN THE MODULE
  ======================
<CSTART,NEAR_CODE,RCODE> 1 (was RCODE)
  Relative segment, address: CODE 00000740 - 00000742 (0x3 bytes), align: 0
  Segment part 1.             Intra module refs:   Segment part 2
           ENTRY                   ADDRESS         REF BY
           =====                   =======         ======
           ?US_SHR                 00000740        HalFlashWrite (hal_flash)
                                                   main (hal_flash)
    -------------------------------------------------------------------------
<CSTART,NEAR_CODE,RCODE> 1 (was RCODE)
  Relative segment, address: CODE 00000743 - 0000074E (0xc bytes), align: 0
  Segment part 2.             Intra module refs:   ?US_SHR

    -------------------------------------------------------------------------
  LIBRARY MODULE, NAME : ?S_SHL

  SEGMENTS IN THE MODULE
  ======================
<CSTART,NEAR_CODE,RCODE> 1 (was RCODE)
  Relative segment, address: CODE 000006FD - 000006FF (0x3 bytes), align: 0
  Segment part 0.
           ENTRY                   ADDRESS         REF BY
           =====                   =======         ======
           ?S_SHL                  000006FD        HalFlashRead (hal_flash)
    -------------------------------------------------------------------------
<CSTART,NEAR_CODE,RCODE> 1 (was RCODE)
  Relative segment, address: CODE 00000700 - 00000702 (0x3 bytes), align: 0
  Segment part 1.             Intra module refs:   Segment part 2
           ENTRY                   ADDRESS         REF BY
           =====                   =======         ======
           ?S_SHL_REW              00000700 
    -------------------------------------------------------------------------
<CSTART,NEAR_CODE,RCODE> 1 (was RCODE)
  Relative segment, address: CODE 00000703 - 0000070F (0xd bytes), align: 0
  Segment part 2.             Intra module refs:   ?S_SHL
                                                   ?S_SHL_REW

    -------------------------------------------------------------------------
  LIBRARY MODULE, NAME : ?ALLOC_XSTACK8

  SEGMENTS IN THE MODULE
  ======================
<CSTART,NEAR_CODE,RCODE> 1 (was RCODE)
  Relative segment, address: CODE 000006C1 - 000006D6 (0x16 bytes), align: 0
  Segment part 0.
           ENTRY                   ADDRESS         REF BY
           =====                   =======         ======
           ?ALLOC_XSTACK8          000006C1        main (hal_flash)

    -------------------------------------------------------------------------
  LIBRARY MODULE, NAME : ?DEALLOC_XSTACK8

  SEGMENTS IN THE MODULE
  ======================
<CSTART,NEAR_CODE,RCODE> 1 (was RCODE)
  Relative segment, address: CODE 00000672 - 0000068C (0x1b bytes), align: 0
  Segment part 0.
           ENTRY                   ADDRESS         REF BY
           =====                   =======         ======
           ?DEALLOC_XSTACK8        00000672        HalOTARead (hal_flash)
                                                   main (hal_flash)

    -------------------------------------------------------------------------
  LIBRARY MODULE, NAME : ?ADD_XSTACK_DISP8

  SEGMENTS IN THE MODULE
  ======================
<CSTART,NEAR_CODE,RCODE> 1 (was RCODE)
  Relative segment, address: CODE 0000068D - 000006A7 (0x1b bytes), align: 0
  Segment part 1.
           ENTRY                   ADDRESS         REF BY
           =====                   =======         ======
           ?ADD_XSTACK_DISP0_8     0000068D        ?PUSH_XSTACK_I (?PUSH_XSTACK_I)

    -------------------------------------------------------------------------
  LIBRARY MODULE, NAME : ?XSTACK_DISP8

  SEGMENTS IN THE MODULE
  ======================
<CSTART,NEAR_CODE,RCODE> 1 (was RCODE)
  Relative segment, address: CODE 00000768 - 00000771 (0xa bytes), align: 0
  Segment part 1.
           ENTRY                   ADDRESS         REF BY
           =====                   =======         ======
           ?XSTACK_DISP0_8         00000768        HalFlashRead (hal_flash)
                                                   HalFlashWrite (hal_flash)
                                                   HalOTARead (hal_flash)
                                                   HalSPIRead (hal_flash)
                                                   main (hal_flash)

    -------------------------------------------------------------------------
  LIBRARY MODULE, NAME : ?XSTACK_DISP8_RP

  SEGMENTS IN THE MODULE
  ======================
<CSTART,NEAR_CODE,RCODE> 1 (was RCODE)
  Relative segment, address: CODE 00000721 - 00000728 (0x8 bytes), align: 0
  Segment part 0.
           ENTRY                   ADDRESS         REF BY
           =====                   =======         ======
           ?XSTACK_DISP100_8       00000721        main (hal_flash)
    -------------------------------------------------------------------------
<CSTART,NEAR_CODE,RCODE> 1 (was RCODE)
  Relative segment, address: CODE 00000729 - 00000730 (0x8 bytes), align: 0
  Segment part 2.
           ENTRY                   ADDRESS         REF BY
           =====                   =======         ======
           ?XSTACK_DISP102_8       00000729        main (hal_flash)

    -------------------------------------------------------------------------
  LIBRARY MODULE, NAME : ?FUNC_ENTER_XDATA

  SEGMENTS IN THE MODULE
  ======================
<CSTART,NEAR_CODE,RCODE> 1 (was RCODE)
  Relative segment, address: CODE 00000571 - 000005D6 (0x66 bytes), align: 0
  Segment part 1.
           ENTRY                   ADDRESS         REF BY
           =====                   =======         ======
           ?FUNC_ENTER_XDATA       00000571        HalFlashRead (hal_flash)
                                                   HalFlashWrite (hal_flash)
                                                   HalOTARead (hal_flash)
                                                   HalSPIRead (hal_flash)

    -------------------------------------------------------------------------
  LIBRARY MODULE, NAME : ?FUNC_LEAVE_XDATA

  SEGMENTS IN THE MODULE
  ======================
<CSTART,NEAR_CODE,RCODE> 1 (was RCODE)
  Relative segment, address: CODE 000005D7 - 00000616 (0x40 bytes), align: 0
  Segment part 1.
           ENTRY                   ADDRESS         REF BY
           =====                   =======         ======
           ?FUNC_LEAVE_XDATA       000005D7        ?Subroutine0 (hal_flash)
                                                   HalFlashRead (hal_flash)
                                                   HalFlashWrite (hal_flash)

    -------------------------------------------------------------------------
  LIBRARY MODULE, NAME : ?PUSH_XSTACK_I

  SEGMENTS IN THE MODULE
  ======================
<CSTART,NEAR_CODE,RCODE> 1 (was RCODE)
  Relative segment, address: CODE 00000710 - 00000713 (0x4 bytes), align: 0
  Segment part 2.
           ENTRY                   ADDRESS         REF BY
           =====                   =======         ======
           ?PUSH_XSTACK_I_TWO      00000710        HalOTARead (hal_flash)
                                                   main (hal_flash)
    -------------------------------------------------------------------------
<CSTART,NEAR_CODE,RCODE> 1 (was RCODE)
  Relative segment, address: CODE 00000714 - 00000720 (0xd bytes), align: 0
  Segment part 4.             Intra module refs:   ?PUSH_XSTACK_I_TWO
           ENTRY                   ADDRESS         REF BY
           =====                   =======         ======
           ?PUSH_XSTACK_I          00000714 

    *************************************************************************

  DEFINED ABSOLUTE ENTRIES
  PROGRAM MODULE, NAME : ?FILLER_BYTES

  SEGMENTS IN THE MODULE
  ======================
INTVEC
  Common segment, address: CODE 00000000 - 0000008D (0x8e bytes), align: 0
  Segment part 1.
    -------------------------------------------------------------------------
?FILL1
  Relative segment, address: CODE 00000777 - 000007FF (0x89 bytes), align: 0
  Segment part 0.




                ****************************************
                *                                      *
                *            MODULE SUMMARY            *
                *                                      *
                ****************************************

Module                    CODE      DATA      XDATA  IDATA    BIT
------                    ----      ----      -----  -----    ---
                         (Rel)  (Rel)  (Abs)  (Rel)  (Rel)  (Rel)
?ADD_XSTACK_DISP8           27
?ALLOC_XSTACK8              22
?DEALLOC_XSTACK8            27
?FILLER_BYTES              137
  + common                 142
?FUNC_ENTER_XDATA          102
?FUNC_LEAVE_XDATA           64
?L_ADD                      19
?L_ADD_X                    19
?MOVE_LONG8_XDATA_IDATA     13
?PUSH_XSTACK_I              17
?S_SHL                      19
?UL_GE_X                    31
?UL_SHR                     25
?US_SHR                     15
?XLOAD_R2345                12
?XSTACK_DISP8               10
?XSTACK_DISP8_RP            16
?cexit                       5
?cmain                      60
CSTARTUP                    15
  + common                   3
VIRTUAL_REGISTERS                  18                           8
hal_flash                1 251            19     40
interrupt_stubs
  + common                 142
N/A (command line)                  8           256    192
N/A (alignment)
----------               -----     --     --    ---    ---      -
Total:                   1 906     26     19    296    192      8
  + common                 142


                ****************************************
                *                                      *
                *      SEGMENTS IN ADDRESS ORDER       *
                *                                      *
                ****************************************


SEGMENT              SPACE    START ADDRESS   END ADDRESS     SIZE  TYPE  ALIGN
=======              =====    =============   ===========     ====  ====  =====
INTVEC               CODE          00000000 - 0000008D          8E   com    1
PDATA_ID             CODE               0000008E                     dse    0
IXDATA_ID            CODE               0000008E                     dse    0
IDATA_ID             CODE               0000008E                     dse    0
DATA_ID              CODE               0000008E                     dse    0
BIT_ID               CODE               0000008E                     dse    0
BDATA_ID             CODE               0000008E                     dse    0
XDATA_ID             CODE          0000008E - 000000A5          18   rel    0
<CSTART,NEAR_CODE,RCODE> 1
                     CODE          000000A6 - 00000776         6D1   rel    0
?FILL1               CODE          00000777 - 000007FF          89   rel    0
REGISTERS            DATA          00000000 - 00000007           8   rel    0
VREG                 DATA          00000008 - 00000017          10   rel    0
PSP                  DATA               00000018                     dse    0
XSP                  DATA          00000018 - 00000019           2   rel    0
BREG                 BIT        00000020.0  -  00000020.7        8   rel    0
SFR_AN               DATA          0000008F - 00000090           2   rel    0
                     DATA          0000009D - 0000009E           2 
                     DATA          000000BE - 000000BE           1 
                     DATA          000000C6 - 000000C7           2 
                     DATA          000000D1 - 000000D1           1 
                     DATA          000000D4 - 000000D6           3 
                     DATA          000000F1 - 000000F1           1 
                     DATA          000000F4 - 000000F5           2 
                     DATA          000000F8 - 000000FA           3 
                     DATA          000000FC - 000000FC           1 
                     DATA          000000FE - 000000FE           1 
XSTACK               XDATA         00000001 - 00000100         100   rel    0
XDATA_Z              XDATA         00000101 - 00000110          10   rel    0
XDATA_I              XDATA         00000111 - 00000128          18   rel    0
ISTACK               IDATA         00000040 - 000000FF          C0   rel    0

                ****************************************
                *                                      *
                *        END OF CROSS REFERENCE        *
                *                                      *
                ****************************************

 1 911 bytes of CODE  memory (+             137 range fill )
    26 bytes of DATA  memory (+ 19 absolute )
   296 bytes of XDATA memory
   192 bytes of IDATA memory
     8 bits  of BIT   memory

Errors: none
Warnings: none

